
========================================
TEST SUMMARY - Mon Nov  3 01:31:02 CET 2025
========================================

✓ All terminals killed and restarted successfully
✓ Azurite storage emulator running on port 10000
✓ Azure Functions app running on port 7071

TEST RESULTS:
✓ Test 1: Single Image Processing - PASSED
  - Successfully fetches weather data
  - Successfully generates and uploads image
  
✓ Test 2: Job Creation - PASSED
  - Successfully creates job with unique ID
  - Returns proper job metadata
  
✓ Test 3: Job Processing - PASSED  
  - Processes all 36 weather stations
  - Completes in ~3 seconds
  - Generates 36 images successfully
  - Updates job status correctly

✓ Test 4: Job Status Monitoring - PASSED
  - Successfully retrieves job status
  - Returns complete image URLs
  - Shows proper progress tracking

========================================
ALL SYSTEMS OPERATIONAL ✓
========================================

